<html>
<body>
<pre>
<h1>礦ision Build Log</h1>
<h2>Project:</h2>
C:\Users\Administrator\Desktop\毕设备份\ESP8266-WIFI温度 - 副本\Template.uvprojx
Project File Date:  04/23/2020

<h2>Output:</h2>
Rebuild target 'Target 1'
compiling main.c...
compiling stm32f10x_it.c...
assembling startup_stm32f10x_hd.s...
compiling stm32f10x_gpio.c...
compiling stm32f10x_rcc.c...
compiling misc.c...
compiling stm32f10x_exti.c...
compiling stm32f10x_tim.c...
compiling stm32f10x_usart.c...
compiling stm32f10x_iwdg.c...
compiling stm32f10x_wwdg.c...
compiling stm32f10x_bkp.c...
compiling stm32f10x_pwr.c...
compiling stm32f10x_adc.c...
compiling stm32f10x_dac.c...
compiling stm32f10x_dma.c...
compiling stm32f10x_rtc.c...
compiling stm32f10x_can.c...
compiling stm32f10x_fsmc.c...
compiling stm32f10x_spi.c...
compiling system_stm32f10x.c...
compiling core_cm3.c...
compiling led.c...
compiling ds18b20.c...
APP\ds18b20\ds18b20.c(127): warning:  #1-D: last line of file ends without a newline
  }
APP\ds18b20\ds18b20.c(96): warning:  #177-D: variable "tme" was declared but never referenced
        float tme = 0;
APP\ds18b20\ds18b20.c: 2 warnings, 0 errors
compiling system.c...
compiling SysTick.c...
compiling usart.c...
compiling esp8266_drive.c...
compiling esp8266_public.c...
compiling sta_tcpclent_test.c...
APP\esp8266\STA_TCPClent_Test\sta_tcpclent_test.c(15): warning:  #177-D: variable "buf" was declared but never referenced
        float *buf;
APP\esp8266\STA_TCPClent_Test\sta_tcpclent_test.c: 1 warning, 0 errors
linking...
Program Size: Code=9364 RO-data=336 RW-data=32 ZI-data=2056  
FromELF: creating hex file...
".\Obj\Template.axf" - 0 Error(s), 3 Warning(s).
</pre>
</body>
</html>
